/tmp/tmp.Wn9NnORdD6/md4.c.o
/tmp/tmp.Wn9NnORdD6/md4.c.sym.o
/tmp/tmp.Wn9NnORdD6/md4.c.s
/tmp/tmp.Wn9NnORdD6/md4.cxx.o
/tmp/tmp.Wn9NnORdD6/md4.cxx.sym.o
/tmp/tmp.Wn9NnORdD6/md4.cxx.s
PASS: layout /tmp/tmp.Wn9NnORdD6/md4.c.o /tmp/tmp.Wn9NnORdD6/md4.cxx.o
PASS: symbol /tmp/tmp.Wn9NnORdD6/md4.c.o /tmp/tmp.Wn9NnORdD6/md4.cxx.o
PASS: codegen /tmp/tmp.Wn9NnORdD6/md4.c.s /tmp/tmp.Wn9NnORdD6/md4.cxx.s
@@ -1,11 +1,7 @@
PASS: symbol /tmp/tmp.Wn9NnORdD6/export.c.o /tmp/tmp.Wn9NnORdD6/export.cxx.o
@@ -1,2 +1,2 @@
PASS: symbol /tmp/tmp.Wn9NnORdD6/private-cpuid.c.o /tmp/tmp.Wn9NnORdD6/private-cpuid.cxx.o
PASS: symbol /tmp/tmp.Wn9NnORdD6/clone.c.o /tmp/tmp.Wn9NnORdD6/clone.cxx.o
@@ -1,2 +1,2 @@
/tmp/tmp.Wn9NnORdD6/md5.c.o
/tmp/tmp.Wn9NnORdD6/md5.c.sym.o
/tmp/tmp.Wn9NnORdD6/md5.c.s
/tmp/tmp.Wn9NnORdD6/md5.cxx.o
/tmp/tmp.Wn9NnORdD6/md5.cxx.sym.o
/tmp/tmp.Wn9NnORdD6/md5.cxx.s
PASS: layout /tmp/tmp.Wn9NnORdD6/md5.c.o /tmp/tmp.Wn9NnORdD6/md5.cxx.o
PASS: symbol /tmp/tmp.Wn9NnORdD6/math-overload.c.o /tmp/tmp.Wn9NnORdD6/math-overload.cxx.o
@@ -1,3 +1,3 @@
PASS: layout /tmp/tmp.Wn9NnORdD6/nested.c.o /tmp/tmp.Wn9NnORdD6/nested.cxx.o
@@ -1,6 +1,6 @@
LocalValue t 0 
PASS: symbol /tmp/tmp.Wn9NnORdD6/local-name.c.o /tmp/tmp.Wn9NnORdD6/local-name.cxx.o
PASS: layout /tmp/tmp.Wn9NnORdD6/coff.c.o /tmp/tmp.Wn9NnORdD6/coff.cxx.o
PASS: symbol /tmp/tmp.Wn9NnORdD6/coff-symbol.c.o /tmp/tmp.Wn9NnORdD6/coff-symbol.cxx.o
@@ -1,6 +1,6 @@
PASS: gate positive and negative controls
