/tmp/tmp.bQwfu3slKe/md4.c.o
/tmp/tmp.bQwfu3slKe/md4.c.sym.o
/tmp/tmp.bQwfu3slKe/md4.c.s
/tmp/tmp.bQwfu3slKe/md4.cxx.o
/tmp/tmp.bQwfu3slKe/md4.cxx.sym.o
/tmp/tmp.bQwfu3slKe/md4.cxx.s
PASS: layout /tmp/tmp.bQwfu3slKe/md4.c.o /tmp/tmp.bQwfu3slKe/md4.cxx.o
PASS: symbol /tmp/tmp.bQwfu3slKe/md4.c.o /tmp/tmp.bQwfu3slKe/md4.cxx.o
PASS: codegen /tmp/tmp.bQwfu3slKe/md4.c.s /tmp/tmp.bQwfu3slKe/md4.cxx.s
@@ -1,11 +1,7 @@
PASS: symbol /tmp/tmp.bQwfu3slKe/export.c.o /tmp/tmp.bQwfu3slKe/export.cxx.o
@@ -1,2 +1,2 @@
PASS: symbol /tmp/tmp.bQwfu3slKe/private-cpuid.c.o /tmp/tmp.bQwfu3slKe/private-cpuid.cxx.o
PASS: symbol /tmp/tmp.bQwfu3slKe/clone.c.o /tmp/tmp.bQwfu3slKe/clone.cxx.o
@@ -1,2 +1,2 @@
/tmp/tmp.bQwfu3slKe/md5.c.o
/tmp/tmp.bQwfu3slKe/md5.c.sym.o
/tmp/tmp.bQwfu3slKe/md5.c.s
/tmp/tmp.bQwfu3slKe/md5.cxx.o
/tmp/tmp.bQwfu3slKe/md5.cxx.sym.o
/tmp/tmp.bQwfu3slKe/md5.cxx.s
PASS: layout /tmp/tmp.bQwfu3slKe/md5.c.o /tmp/tmp.bQwfu3slKe/md5.cxx.o
PASS: layout /tmp/tmp.bQwfu3slKe/nested.c.o /tmp/tmp.bQwfu3slKe/nested.cxx.o
@@ -1,6 +1,6 @@
PASS: layout /tmp/tmp.bQwfu3slKe/coff.c.o /tmp/tmp.bQwfu3slKe/coff.cxx.o
PASS: symbol /tmp/tmp.bQwfu3slKe/coff-symbol.c.o /tmp/tmp.bQwfu3slKe/coff-symbol.cxx.o
@@ -1,6 +1,6 @@
PASS: gate positive and negative controls
