make[1]: Entering directory '/home/matt/.t3/worktrees/aftershock/t3code-b3a8e505'

Building quake3 in /tmp/aftershock-cpp-port/t25-native-cxx/release-linux-x86_64:

  VERSION: 1.32e
  PLATFORM: linux
  ARCH: x86_64
  COMPILE_PLATFORM: linux
  COMPILE_ARCH: x86_64
  CC: cc

  CFLAGS:
    -DUSE_RENDERER_DLOPEN
    -DRENDERER_PREFIX="quake3e"
    -DRENDERER_DEFAULT=opengl
    -DUSE_CURL
    -DUSE_CURL_DLOPEN
    -DUSE_VULKAN_API
    -DUSE_OPENGL_API
    -MMD
    -Wall
    -Wimplicit
    -Wstrict-prototypes
    -pipe
    -Wno-unused-result
    -DUSE_ICON
    -I/usr/include
    -I/usr/local/include
    -I/usr/include/SDL2
    -DUSE_OGG_VORBIS
    -Icode/libogg/include
    -Icode/libvorbis/include
    -Icode/libvorbis/lib
    -DNDEBUG
    -O2
    -fvisibility=hidden

  Output:
    /tmp/aftershock-cpp-port/t25-native-cxx/release-linux-x86_64/quake3e.ded.x64
    /tmp/aftershock-cpp-port/t25-native-cxx/release-linux-x86_64/quake3e.x64
    /tmp/aftershock-cpp-port/t25-native-cxx/release-linux-x86_64/quake3e_opengl_x86_64.so
    /tmp/aftershock-cpp-port/t25-native-cxx/release-linux-x86_64/quake3e_vulkan_x86_64.so

make[2]: Entering directory '/home/matt/.t3/worktrees/aftershock/t3code-b3a8e505'
DED_CC code/server/sv_bot.c
DED_CC code/server/sv_ccmds.c
DED_CC code/server/sv_client.c
DED_CC code/server/sv_game.c
DED_CC code/server/sv_init.c
DED_CC code/server/sv_filter.c
DED_CC code/server/sv_main.c
DED_CC code/server/sv_net_chan.c
DED_CC code/server/sv_world.c
DED_CC code/server/sv_snapshot.c
DED_CC code/qcommon/cm_load.c
DED_CC code/qcommon/cm_patch.c
DED_CC code/qcommon/cm_polylib.c
DED_CC code/qcommon/cm_test.c
DED_CC code/qcommon/cm_trace.c
DED_CC code/qcommon/cmd.c
DED_CC code/qcommon/common.c
DED_CC code/qcommon/cvar.c
DED_CC code/qcommon/files.c
DED_CC code/qcommon/history.c
DED_CC code/qcommon/keys.c
DED_CC code/qcommon/md4.c
DED_CC code/qcommon/md5.c
DED_CC code/qcommon/msg.c
DED_CC code/qcommon/net_chan.c
DED_CC code/qcommon/net_ip.c
DED_CC code/qcommon/huffman.c
DED_CC code/qcommon/huffman_static.c
DED_CC code/qcommon/q_math.c
DED_CC code/qcommon/q_shared.c
DED_CC code/qcommon/unzip.c
BOT_CC code/botlib/be_aas_bspq3.c
BOT_CC code/botlib/be_aas_cluster.c
BOT_CC code/botlib/be_aas_debug.c
BOT_CC code/botlib/be_aas_entity.c
BOT_CC code/botlib/be_aas_file.c
BOT_CC code/botlib/be_aas_main.c
BOT_CC code/botlib/be_aas_move.c
BOT_CC code/botlib/be_aas_optimize.c
BOT_CC code/botlib/be_aas_reach.c
BOT_CC code/botlib/be_aas_route.c
BOT_CC code/botlib/be_aas_routealt.c
BOT_CC code/botlib/be_aas_sample.c
BOT_CC code/botlib/be_ai_char.c
BOT_CC code/botlib/be_ai_chat.c
BOT_CC code/botlib/be_ai_gen.c
BOT_CC code/botlib/be_ai_goal.c
BOT_CC code/botlib/be_ai_move.c
BOT_CC code/botlib/be_ai_weap.c
BOT_CC code/botlib/be_ai_weight.c
BOT_CC code/botlib/be_ea.c
BOT_CC code/botlib/be_interface.c
BOT_CC code/botlib/l_crc.c
BOT_CC code/botlib/l_libvar.c
BOT_CC code/botlib/l_log.c
BOT_CC code/botlib/l_memory.c
BOT_CC code/botlib/l_precomp.c
BOT_CC code/botlib/l_script.c
BOT_CC code/botlib/l_struct.c
DED_CC code/unix/linux_signals.c
DED_CC code/unix/unix_main.c
DED_CC code/unix/unix_shared.c
DED_CC_QVM code/qcommon/vm.c
DED_CC_QVM code/qcommon/vm_interpreted.c
DED_CC_QVM code/qcommon/vm_x86.c
CC code/client/cl_cgame.c
CC code/client/cl_cin.c
CC code/client/cl_console.c
CC code/client/cl_input.c
CC code/client/cl_keys.c
CC code/client/cl_main.c
CC code/client/cl_net_chan.c
CC code/client/cl_parse.c
CC code/client/cl_scrn.c
CC code/client/cl_ui.c
CC code/client/cl_avi.c
CC code/client/cl_jpeg.c
CC code/qcommon/cm_patch.c
CC code/qcommon/cm_load.c
CC code/qcommon/cm_polylib.c
CC code/qcommon/cm_test.c
CC code/qcommon/cm_trace.c
CC code/qcommon/cmd.c
CC code/qcommon/common.c
CC code/qcommon/cvar.c
CC code/qcommon/files.c
CC code/qcommon/history.c
CC code/qcommon/keys.c
CC code/qcommon/md4.c
CC code/qcommon/md5.c
CC code/qcommon/msg.c
CC code/qcommon/net_chan.c
CC code/qcommon/net_ip.c
CC code/qcommon/huffman.c
CC code/qcommon/huffman_static.c
CC code/client/snd_adpcm.c
CC code/client/snd_dma.c
CC code/client/snd_mem.c
CC code/client/snd_mix.c
CC code/client/snd_wavelet.c
CC code/client/snd_main.c
CC code/client/snd_codec.c
CC code/client/snd_codec_wav.c
CC code/server/sv_bot.c
CC code/server/sv_ccmds.c
CC code/server/sv_client.c
CC code/server/sv_filter.c
CC code/server/sv_game.c
CC code/server/sv_init.c
CC code/server/sv_main.c
CC code/server/sv_net_chan.c
CC code/server/sv_snapshot.c
CC code/server/sv_world.c
CC code/qcommon/q_math.c
CC code/qcommon/q_shared.c
CC code/qcommon/unzip.c
CC code/qcommon/puff.c
BOT_CC code/botlib/be_aas_bspq3.c
BOT_CC code/botlib/be_aas_cluster.c
BOT_CC code/botlib/be_aas_debug.c
BOT_CC code/botlib/be_aas_entity.c
BOT_CC code/botlib/be_aas_file.c
BOT_CC code/botlib/be_aas_main.c
BOT_CC code/botlib/be_aas_move.c
BOT_CC code/botlib/be_aas_optimize.c
BOT_CC code/botlib/be_aas_reach.c
BOT_CC code/botlib/be_aas_route.c
BOT_CC code/botlib/be_aas_routealt.c
BOT_CC code/botlib/be_aas_sample.c
BOT_CC code/botlib/be_ai_char.c
BOT_CC code/botlib/be_ai_chat.c
BOT_CC code/botlib/be_ai_gen.c
BOT_CC code/botlib/be_ai_goal.c
BOT_CC code/botlib/be_ai_move.c
BOT_CC code/botlib/be_ai_weap.c
BOT_CC code/botlib/be_ai_weight.c
BOT_CC code/botlib/be_ea.c
BOT_CC code/botlib/be_interface.c
BOT_CC code/botlib/l_crc.c
BOT_CC code/botlib/l_libvar.c
BOT_CC code/botlib/l_log.c
BOT_CC code/botlib/l_memory.c
BOT_CC code/botlib/l_precomp.c
BOT_CC code/botlib/l_script.c
BOT_CC code/botlib/l_struct.c
CC code/libjpeg/jaricom.c
CC code/libjpeg/jcapimin.c
CC code/libjpeg/jcapistd.c
CC code/libjpeg/jcarith.c
CC code/libjpeg/jccoefct.c
CC code/libjpeg/jccolor.c
CC code/libjpeg/jcdctmgr.c
CC code/libjpeg/jchuff.c
CC code/libjpeg/jcinit.c
CC code/libjpeg/jcmainct.c
CC code/libjpeg/jcmarker.c
CC code/libjpeg/jcmaster.c
CC code/libjpeg/jcomapi.c
CC code/libjpeg/jcparam.c
CC code/libjpeg/jcprepct.c
CC code/libjpeg/jcsample.c
CC code/libjpeg/jctrans.c
CC code/libjpeg/jdapimin.c
CC code/libjpeg/jdapistd.c
CC code/libjpeg/jdarith.c
CC code/libjpeg/jdatadst.c
CC code/libjpeg/jdatasrc.c
CC code/libjpeg/jdcoefct.c
CC code/libjpeg/jdcolor.c
CC code/libjpeg/jddctmgr.c
CC code/libjpeg/jdhuff.c
CC code/libjpeg/jdinput.c
CC code/libjpeg/jdmainct.c
CC code/libjpeg/jdmarker.c
CC code/libjpeg/jdmaster.c
CC code/libjpeg/jdmerge.c
CC code/libjpeg/jdpostct.c
CC code/libjpeg/jdsample.c
CC code/libjpeg/jdtrans.c
CC code/libjpeg/jerror.c
CC code/libjpeg/jfdctflt.c
CC code/libjpeg/jfdctfst.c
CC code/libjpeg/jfdctint.c
CC code/libjpeg/jidctflt.c
CC code/libjpeg/jidctfst.c
CC code/libjpeg/jidctint.c
CC code/libjpeg/jmemmgr.c
CC code/libjpeg/jmemnobs.c
CC code/libjpeg/jquant1.c
CC code/libjpeg/jquant2.c
CC code/libjpeg/jutils.c
CC code/libogg/src/bitwise.c
CC code/libogg/src/framing.c
CC code/libvorbis/lib/analysis.c
CC code/libvorbis/lib/bitrate.c
CC code/libvorbis/lib/block.c
CC code/libvorbis/lib/codebook.c
CC code/libvorbis/lib/envelope.c
CC code/libvorbis/lib/floor0.c
CC code/libvorbis/lib/floor1.c
CC code/libvorbis/lib/info.c
CC code/libvorbis/lib/lookup.c
CC code/libvorbis/lib/lpc.c
CC code/libvorbis/lib/lsp.c
CC code/libvorbis/lib/mapping0.c
CC code/libvorbis/lib/mdct.c
CC code/libvorbis/lib/psy.c
CC code/libvorbis/lib/registry.c
CC code/libvorbis/lib/res0.c
code/libvorbis/lib/lpc.c: In function ‘vorbis_lpc_from_data’:
code/libvorbis/lib/lpc.c:78:12: warning: ‘*aut’ may be used uninitialized [-Wmaybe-uninitialized]
   78 |   error=aut[0] * (1. + 1e-10);
      |         ~~~^~~
CC code/libvorbis/lib/smallft.c
CC code/libvorbis/lib/sharedbook.c
CC code/libvorbis/lib/synthesis.c
CC code/libvorbis/lib/vorbisfile.c
CC code/libvorbis/lib/window.c
CC code/client/snd_codec_ogg.c
AS code/asm/snd_mix_x86_64.s
CC_QVM code/qcommon/vm.c
CC_QVM code/qcommon/vm_interpreted.c
CC_QVM code/qcommon/vm_x86.c
code/libvorbis/lib/psy.c: In function ‘_vp_noisemask’:
code/libvorbis/lib/psy.c:714:3: warning: ‘work’ may be used uninitialized [-Wmaybe-uninitialized]
  714 |   bark_noise_hybridmp(n,p->bark,work,logmask,0.,
      |   ^~~~~~~~~~~~~~~~~~~~~~~~~~~~~~~~~~~~~~~~~~~~~~
  715 |                       p->vi->noisewindowfixed);
      |                       ~~~~~~~~~~~~~~~~~~~~~~~~
code/libvorbis/lib/psy.c:543:13: note: by argument 3 of type ‘const float *’ to ‘bark_noise_hybridmp’ declared here
  543 | static void bark_noise_hybridmp(int n,const long *b,
      |             ^~~~~~~~~~~~~~~~~~~
CC code/client/cl_curl.c
CC code/unix/unix_main.c
CC code/unix/unix_shared.c
CC code/unix/linux_signals.c
CC code/sdl/sdl_glimp.c
CC code/sdl/sdl_gamma.c
CC code/sdl/sdl_input.c
CC code/sdl/sdl_snd.c
REND_CC code/renderer/tr_animation.c
REND_CC code/renderer/tr_arb.c
REND_CC code/renderer/tr_backend.c
REND_CC code/renderer/tr_bsp.c
REND_CC code/renderer/tr_cmds.c
REND_CC code/renderer/tr_curve.c
REND_CC code/renderer/tr_flares.c
REND_CC code/renderercommon/tr_font.c
REND_CC code/renderer/tr_image.c
REND_CC code/renderercommon/tr_image_png.c
REND_CC code/renderercommon/tr_image_jpg.c
REND_CC code/renderercommon/tr_image_bmp.c
REND_CC code/renderercommon/tr_image_tga.c
REND_CC code/renderercommon/tr_image_pcx.c
REND_CC code/renderer/tr_init.c
REND_CC code/renderer/tr_light.c
REND_CC code/renderer/tr_main.c
REND_CC code/renderer/tr_marks.c
REND_CC code/renderer/tr_mesh.c
REND_CC code/renderer/tr_model.c
REND_CC code/renderer/tr_model_iqm.c
REND_CC code/renderercommon/tr_noise.c
REND_CC code/renderer/tr_scene.c
REND_CC code/renderer/tr_shade.c
REND_CC code/renderer/tr_shade_calc.c
REND_CC code/renderer/tr_shader.c
REND_CC code/renderer/tr_shadows.c
REND_CC code/renderer/tr_sky.c
REND_CC code/renderer/tr_surface.c
REND_CC code/renderer/tr_vbo.c
REND_CC code/renderer/tr_world.c
REND_CC code/qcommon/q_shared.c
REND_CC code/qcommon/puff.c
REND_CC code/qcommon/q_math.c
REND_CC code/renderervk/tr_animation.c
REND_CC code/renderervk/tr_backend.c
REND_CC code/renderervk/tr_bsp.c
REND_CC code/renderervk/tr_cmds.c
REND_CC code/renderervk/tr_curve.c
REND_CC code/renderercommon/tr_font.c
REND_CC code/renderervk/tr_image.c
REND_CC code/renderercommon/tr_image_png.c
REND_CC code/renderercommon/tr_image_jpg.c
REND_CC code/renderercommon/tr_image_bmp.c
REND_CC code/renderercommon/tr_image_tga.c
REND_CC code/renderercommon/tr_image_pcx.c
REND_CC code/renderervk/tr_init.c
REND_CC code/renderervk/tr_light.c
REND_CC code/renderervk/tr_main.c
REND_CC code/renderervk/tr_marks.c
REND_CC code/renderervk/tr_mesh.c
REND_CC code/renderervk/tr_model.c
REND_CC code/renderervk/tr_model_iqm.c
REND_CC code/renderercommon/tr_noise.c
REND_CC code/renderervk/tr_scene.c
REND_CC code/renderervk/tr_shade.c
REND_CC code/renderervk/tr_shade_calc.c
REND_CC code/renderervk/tr_shader.c
REND_CC code/renderervk/tr_shadows.c
REND_CC code/renderervk/tr_sky.c
REND_CC code/renderervk/tr_surface.c
REND_CC code/renderervk/tr_world.c
REND_CC code/renderervk/vk.c
REND_CC code/renderervk/vk_flares.c
REND_CC code/renderervk/vk_vbo.c
REND_CC code/qcommon/q_shared.c
REND_CC code/qcommon/puff.c
REND_CC code/qcommon/q_math.c
/tmp/aftershock-cpp-port/t25-native-cxx/release-linux-x86_64/ded/sv_bot.o /tmp/aftershock-cpp-port/t25-native-cxx/release-linux-x86_64/ded/sv_client.o /tmp/aftershock-cpp-port/t25-native-cxx/release-linux-x86_64/ded/sv_ccmds.o /tmp/aftershock-cpp-port/t25-native-cxx/release-linux-x86_64/ded/sv_filter.o /tmp/aftershock-cpp-port/t25-native-cxx/release-linux-x86_64/ded/sv_game.o /tmp/aftershock-cpp-port/t25-native-cxx/release-linux-x86_64/ded/sv_init.o /tmp/aftershock-cpp-port/t25-native-cxx/release-linux-x86_64/ded/sv_main.o /tmp/aftershock-cpp-port/t25-native-cxx/release-linux-x86_64/ded/sv_net_chan.o /tmp/aftershock-cpp-port/t25-native-cxx/release-linux-x86_64/ded/sv_snapshot.o /tmp/aftershock-cpp-port/t25-native-cxx/release-linux-x86_64/ded/sv_world.o /tmp/aftershock-cpp-port/t25-native-cxx/release-linux-x86_64/ded/cm_load.o /tmp/aftershock-cpp-port/t25-native-cxx/release-linux-x86_64/ded/cm_patch.o /tmp/aftershock-cpp-port/t25-native-cxx/release-linux-x86_64/ded/cm_polylib.o /tmp/aftershock-cpp-port/t25-native-cxx/release-linux-x86_64/ded/cm_test.o /tmp/aftershock-cpp-port/t25-native-cxx/release-linux-x86_64/ded/cm_trace.o /tmp/aftershock-cpp-port/t25-native-cxx/release-linux-x86_64/ded/cmd.o /tmp/aftershock-cpp-port/t25-native-cxx/release-linux-x86_64/ded/common.o /tmp/aftershock-cpp-port/t25-native-cxx/release-linux-x86_64/ded/cvar.o /tmp/aftershock-cpp-port/t25-native-cxx/release-linux-x86_64/ded/files.o /tmp/aftershock-cpp-port/t25-native-cxx/release-linux-x86_64/ded/history.o /tmp/aftershock-cpp-port/t25-native-cxx/release-linux-x86_64/ded/keys.o /tmp/aftershock-cpp-port/t25-native-cxx/release-linux-x86_64/ded/md4.o /tmp/aftershock-cpp-port/t25-native-cxx/release-linux-x86_64/ded/md5.o /tmp/aftershock-cpp-port/t25-native-cxx/release-linux-x86_64/ded/msg.o /tmp/aftershock-cpp-port/t25-native-cxx/release-linux-x86_64/ded/net_chan.o /tmp/aftershock-cpp-port/t25-native-cxx/release-linux-x86_64/ded/net_ip.o /tmp/aftershock-cpp-port/t25-native-cxx/release-linux-x86_64/ded/huffman.o /tmp/aftershock-cpp-port/t25-native-cxx/release-linux-x86_64/ded/huffman_static.o /tmp/aftershock-cpp-port/t25-native-cxx/release-linux-x86_64/ded/q_math.o /tmp/aftershock-cpp-port/t25-native-cxx/release-linux-x86_64/ded/q_shared.o /tmp/aftershock-cpp-port/t25-native-cxx/release-linux-x86_64/ded/unzip.o /tmp/aftershock-cpp-port/t25-native-cxx/release-linux-x86_64/ded/be_aas_bspq3.o /tmp/aftershock-cpp-port/t25-native-cxx/release-linux-x86_64/ded/be_aas_cluster.o /tmp/aftershock-cpp-port/t25-native-cxx/release-linux-x86_64/ded/be_aas_debug.o /tmp/aftershock-cpp-port/t25-native-cxx/release-linux-x86_64/ded/be_aas_entity.o /tmp/aftershock-cpp-port/t25-native-cxx/release-linux-x86_64/ded/be_aas_file.o /tmp/aftershock-cpp-port/t25-native-cxx/release-linux-x86_64/ded/be_aas_main.o /tmp/aftershock-cpp-port/t25-native-cxx/release-linux-x86_64/ded/be_aas_move.o /tmp/aftershock-cpp-port/t25-native-cxx/release-linux-x86_64/ded/be_aas_optimize.o /tmp/aftershock-cpp-port/t25-native-cxx/release-linux-x86_64/ded/be_aas_reach.o /tmp/aftershock-cpp-port/t25-native-cxx/release-linux-x86_64/ded/be_aas_route.o /tmp/aftershock-cpp-port/t25-native-cxx/release-linux-x86_64/ded/be_aas_routealt.o /tmp/aftershock-cpp-port/t25-native-cxx/release-linux-x86_64/ded/be_aas_sample.o /tmp/aftershock-cpp-port/t25-native-cxx/release-linux-x86_64/ded/be_ai_char.o /tmp/aftershock-cpp-port/t25-native-cxx/release-linux-x86_64/ded/be_ai_chat.o /tmp/aftershock-cpp-port/t25-native-cxx/release-linux-x86_64/ded/be_ai_gen.o /tmp/aftershock-cpp-port/t25-native-cxx/release-linux-x86_64/ded/be_ai_goal.o /tmp/aftershock-cpp-port/t25-native-cxx/release-linux-x86_64/ded/be_ai_move.o /tmp/aftershock-cpp-port/t25-native-cxx/release-linux-x86_64/ded/be_ai_weap.o /tmp/aftershock-cpp-port/t25-native-cxx/release-linux-x86_64/ded/be_ai_weight.o /tmp/aftershock-cpp-port/t25-native-cxx/release-linux-x86_64/ded/be_ea.o /tmp/aftershock-cpp-port/t25-native-cxx/release-linux-x86_64/ded/be_interface.o /tmp/aftershock-cpp-port/t25-native-cxx/release-linux-x86_64/ded/l_crc.o /tmp/aftershock-cpp-port/t25-native-cxx/release-linux-x86_64/ded/l_libvar.o /tmp/aftershock-cpp-port/t25-native-cxx/release-linux-x86_64/ded/l_log.o /tmp/aftershock-cpp-port/t25-native-cxx/release-linux-x86_64/ded/l_memory.o /tmp/aftershock-cpp-port/t25-native-cxx/release-linux-x86_64/ded/l_precomp.o /tmp/aftershock-cpp-port/t25-native-cxx/release-linux-x86_64/ded/l_script.o /tmp/aftershock-cpp-port/t25-native-cxx/release-linux-x86_64/ded/l_struct.o /tmp/aftershock-cpp-port/t25-native-cxx/release-linux-x86_64/ded/linux_signals.o /tmp/aftershock-cpp-port/t25-native-cxx/release-linux-x86_64/ded/unix_main.o /tmp/aftershock-cpp-port/t25-native-cxx/release-linux-x86_64/ded/unix_shared.o /tmp/aftershock-cpp-port/t25-native-cxx/release-linux-x86_64/ded/qvm/vm.o /tmp/aftershock-cpp-port/t25-native-cxx/release-linux-x86_64/ded/qvm/vm_interpreted.o /tmp/aftershock-cpp-port/t25-native-cxx/release-linux-x86_64/ded/qvm/vm_x86.o
LD /tmp/aftershock-cpp-port/t25-native-cxx/release-linux-x86_64/quake3e.ded.x64
LD /tmp/aftershock-cpp-port/t25-native-cxx/release-linux-x86_64/quake3e.x64
LD /tmp/aftershock-cpp-port/t25-native-cxx/release-linux-x86_64/quake3e_opengl_x86_64.so
LD /tmp/aftershock-cpp-port/t25-native-cxx/release-linux-x86_64/quake3e_vulkan_x86_64.so
make[2]: Leaving directory '/home/matt/.t3/worktrees/aftershock/t3code-b3a8e505'
make[1]: Leaving directory '/home/matt/.t3/worktrees/aftershock/t3code-b3a8e505'
